// Jest Snapshot v1, https://goo.gl/fbAQLP

exports[`ColourModeSwitch renders correctly 1`] = `
<div
  className="chakra-stack css-1igwmid"
>
  <label
    className="chakra-switch css-16pgy8f"
    data-testid="toggler"
    onClick={[Function]}
  >
    <input
      checked={false}
      className="chakra-switch__input"
      onBlur={[Function]}
      onChange={[Function]}
      onFocus={[Function]}
      onKeyDown={[Function]}
      onKeyUp={[Function]}
      style={
        {
          "border": "0",
          "clip": "rect(0, 0, 0, 0)",
          "height": "1px",
          "margin": "-1px",
          "overflow": "hidden",
          "padding": "0",
          "position": "absolute",
          "whiteSpace": "nowrap",
          "width": "1px",
        }
      }
      type="checkbox"
    />
    <span
      aria-hidden={true}
      className="chakra-switch__track css-14qxnv8"
      onMouseDown={[Function]}
      onMouseEnter={[Function]}
      onMouseLeave={[Function]}
      onMouseUp={[Function]}
    >
      <span
        className="chakra-switch__thumb css-0"
      />
    </span>
  </label>
  <p
    className="chakra-text css-0"
  >
    Dark Mode
  </p>
</div>
`;
