// Jest Snapshot v1, https://goo.gl/fbAQLP

exports[`Renders the NotFound page 1`] = `
<div>
  NotFound
</div>
`;
