// Jest Snapshot v1, https://goo.gl/fbAQLP

exports[`RentalForm renders 1`] = `
<div
  className="css-3xydd0"
>
  <div
    className="css-zmtksu"
  >
    <form
      onSubmit={[Function]}
    >
      <div
        className="chakra-stack css-tl3ftk"
      >
        <h2
          className="chakra-heading css-r7q7qr"
        >
          New Rental
        </h2>
        <div
          className="chakra-form-control css-h82jag"
          role="group"
        >
          <div
            className="chakra-form-control css-0"
            role="group"
          >
            <label
              className="chakra-form__label css-uvho5g"
              htmlFor="book"
              id="field-:r1:-label"
            >
              Book
            </label>
            <div
              className="chakra-select__wrapper css-42b2qy"
            >
              <select
                className="chakra-select css-1ik61og"
                disabled={false}
                id="book"
                name="book"
                onBlur={[Function]}
                onChange={[Function]}
                onFocus={[Function]}
                readOnly={false}
                required={false}
              >
                <option
                  value=""
                >
                  --Select book--
                </option>
                <option
                  disabled={true}
                  value="65987aa9e6b72d92ddcc1754"
                >
                  asdf
                </option>
                <option
                  disabled={false}
                  value="651becad552934bbabb7bdd5"
                >
                  The Body in the Library
                </option>
                <option
                  disabled={true}
                  value="651765abb66bbab77eb9ed5b"
                >
                  Murder on the Orient Express
                </option>
                <option
                  disabled={false}
                  value="651760180012d3fa25b3ddba"
                >
                  The Code of the Woosters
                </option>
                <option
                  disabled={false}
                  value="651486abc59681a0aa4771ed"
                >
                  The Kite Runner
                </option>
                <option
                  disabled={false}
                  value="651485f0c59681a0aa4771df"
                >
                  Inheritance
                </option>
                <option
                  disabled={false}
                  value="651452f1c59681a0aa477199"
                >
                  Brisinger
                </option>
                <option
                  disabled={false}
                  value="65145251c59681a0aa47718b"
                >
                  Eldest
                </option>
                <option
                  disabled={false}
                  value="65145107c59681a0aa477174"
                >
                  Charlie and the great glass elevator
                </option>
              </select>
              <div
                className="chakra-select__icon-wrapper css-162mkon"
              >
                <svg
                  aria-hidden={true}
                  className="chakra-select__icon"
                  focusable={false}
                  role="presentation"
                  style={
                    {
                      "color": "currentColor",
                      "height": "1em",
                      "width": "1em",
                    }
                  }
                  viewBox="0 0 24 24"
                >
                  <path
                    d="M16.59 8.59L12 13.17 7.41 8.59 6 10l6 6 6-6z"
                    fill="currentColor"
                  />
                </svg>
              </div>
            </div>
          </div>
        </div>
        <div
          className="chakra-form-control css-h82jag"
          role="group"
        >
          <div
            className="chakra-form-control css-0"
            role="group"
          >
            <label
              className="chakra-form__label css-uvho5g"
              htmlFor="user"
              id="field-:r3:-label"
            >
              User
            </label>
            <div
              className="chakra-select__wrapper css-42b2qy"
            >
              <select
                className="chakra-select css-1ik61og"
                disabled={false}
                id="user"
                name="user"
                onBlur={[Function]}
                onChange={[Function]}
                onFocus={[Function]}
                readOnly={false}
                required={false}
              >
                <option
                  value=""
                >
                  --Select user--
                </option>
                <option
                  disabled={false}
                  value="1"
                >
                  John
                </option>
                <option
                  disabled={false}
                  value="2"
                >
                  Jane
                </option>
                <option
                  disabled={false}
                  value="3"
                >
                  Jack
                </option>
              </select>
              <div
                className="chakra-select__icon-wrapper css-162mkon"
              >
                <svg
                  aria-hidden={true}
                  className="chakra-select__icon"
                  focusable={false}
                  role="presentation"
                  style={
                    {
                      "color": "currentColor",
                      "height": "1em",
                      "width": "1em",
                    }
                  }
                  viewBox="0 0 24 24"
                >
                  <path
                    d="M16.59 8.59L12 13.17 7.41 8.59 6 10l6 6 6-6z"
                    fill="currentColor"
                  />
                </svg>
              </div>
            </div>
          </div>
        </div>
        <div
          className="chakra-stack css-mogqpi"
        >
          <button
            className="chakra-button css-4xx2wk"
            id="submit"
            type="submit"
          >
            Submit
          </button>
          <button
            className="chakra-button css-4xx2wk"
            onClick={[Function]}
            type="button"
          >
            Cancel
          </button>
        </div>
      </div>
    </form>
  </div>
</div>
`;
