// Jest Snapshot v1, https://goo.gl/fbAQLP

exports[`BookDetails  renders correctly 1`] = `
<p
  className="chakra-text css-0"
>
  Book Not Found!
</p>
`;
